
   C:\Users\rahsh\.gemini\antigravity\scratch\amanfrontend\cs-academy.html
[37m      L753 |[90m...em;padding:2px 7px">Easy</span></td><td><button class="btn btn-ghost" style="padding:.22rem .6rem;fon...[39m
[37m                                                       ^ [31mSpecial characters must be escaped : [ < ]. (spec-char-escape)[39m
[37m      L753 |[90m... print(\"Even\") else: print(\"Odd\")')">Show Hint</button></td></tr>[39m
[37m                                                       ^ [31mSpecial characters must be escaped : [ > ]. (spec-char-escape)[39m
[37m      L753 |[90m...ven\") else: print(\"Odd\")')">Show Hint</button></td></tr>[39m
[37m                                                       ^ [31mTag must be paired, no start tag: [ </button> ] (tag-pair)[39m
[37m      L759 |[90m...em;padding:2px 7px">Easy</span></td><td><button class="btn btn-ghost" style="padding:.22rem .6rem;fon...[39m
[37m                                                       ^ [31mSpecial characters must be escaped : [ < ]. (spec-char-escape)[39m
[37m      L759 |[90m...in \"aeiouAEIOU\", increment counter.')">Show Hint</button></td></tr>[39m
[37m                                                       ^ [31mSpecial characters must be escaped : [ > ]. (spec-char-escape)[39m
[37m      L759 |[90m...AEIOU\", increment counter.')">Show Hint</button></td></tr>[39m
[37m                                                       ^ [31mTag must be paired, no start tag: [ </button> ] (tag-pair)[39m

Scanned 1 files, found 6 errors in 1 files (36 ms)
